%!Adobe-FontList 1.16
%Locale:0x409

%BeginFont
Handler:DirectoryHandler
FontType:Invalid
OutlineFileName:C:\Users\hbw6955.MAIN\Downloads\MidtermAssets\Brand\Brand Sheet 105\Document fonts\._A Avenir
FileModTime:1444068777
%EndFont

%BeginFont
Handler:DirectoryHandler
FontType:Invalid
OutlineFileName:C:\Users\hbw6955.MAIN\Downloads\MidtermAssets\Brand\Brand Sheet 105\Document fonts\._AveniBla
FileModTime:1444068777
%EndFont

%BeginFont
Handler:DirectoryHandler
FontType:Invalid
OutlineFileName:C:\Users\hbw6955.MAIN\Downloads\MidtermAssets\Brand\Brand Sheet 105\Document fonts\._AveniHea
FileModTime:1444068777
%EndFont

%BeginFont
Handler:DirectoryHandler
FontType:Invalid
OutlineFileName:C:\Users\hbw6955.MAIN\Downloads\MidtermAssets\Brand\Brand Sheet 105\Document fonts\._AvenirLTStd-Heavy.otf
FileModTime:1444068778
%EndFont

%BeginFont
Handler:DirectoryHandler
FontType:Invalid
OutlineFileName:C:\Users\hbw6955.MAIN\Downloads\MidtermAssets\Brand\Brand Sheet 105\Document fonts\._AvenirLTStd-Light copy.otf
FileModTime:1444068778
%EndFont

%BeginFont
Handler:DirectoryHandler
FontType:Invalid
OutlineFileName:C:\Users\hbw6955.MAIN\Downloads\MidtermAssets\Brand\Brand Sheet 105\Document fonts\._AvenirLTStd-Medium.otf
FileModTime:1444068779
%EndFont

%BeginFont
Handler:DirectoryHandler
FontType:Invalid
OutlineFileName:C:\Users\hbw6955.MAIN\Downloads\MidtermAssets\Brand\Brand Sheet 105\Document fonts\._AveniRom
FileModTime:1444068779
%EndFont

%BeginFont
Handler:DirectoryHandler
FontType:Invalid
OutlineFileName:C:\Users\hbw6955.MAIN\Downloads\MidtermAssets\Brand\Brand Sheet 105\Document fonts\._Futur
FileModTime:1444068779
%EndFont

%BeginFont
Handler:DirectoryHandler
FontType:Invalid
OutlineFileName:C:\Users\hbw6955.MAIN\Downloads\MidtermAssets\Brand\Brand Sheet 105\Document fonts\._Futura
FileModTime:1444068779
%EndFont

%BeginFont
Handler:DirectoryHandler
FontType:Invalid
OutlineFileName:C:\Users\hbw6955.MAIN\Downloads\MidtermAssets\Brand\Brand Sheet 105\Document fonts\._HelveticaNeue.dfont
FileModTime:1444068780
%EndFont

%BeginFont
Handler:DirectoryHandler
FontType:Invalid
OutlineFileName:C:\Users\hbw6955.MAIN\Downloads\MidtermAssets\Brand\Brand Sheet 105\Document fonts\._ImpreRom
FileModTime:1444068780
%EndFont

%BeginFont
Handler:DirectoryHandler
FontType:Invalid
OutlineFileName:C:\Users\hbw6955.MAIN\Downloads\MidtermAssets\Brand\Brand Sheet 105\Document fonts\._Impressum-Roman
FileModTime:1444068780
%EndFont

%BeginFont
Handler:DirectoryHandler
FontType:Invalid
OutlineFileName:C:\Users\hbw6955.MAIN\Downloads\MidtermAssets\Brand\Brand Sheet 105\Document fonts\A Avenir
FileModTime:792746884
%EndFont

%BeginFont
Handler:DirectoryHandler
FontType:Invalid
OutlineFileName:C:\Users\hbw6955.MAIN\Downloads\MidtermAssets\Brand\Brand Sheet 105\Document fonts\AveniBla
FileModTime:744568200
%EndFont

%BeginFont
Handler:DirectoryHandler
FontType:Invalid
OutlineFileName:C:\Users\hbw6955.MAIN\Downloads\MidtermAssets\Brand\Brand Sheet 105\Document fonts\AveniHea
FileModTime:744568200
%EndFont

%BeginFont
Handler:DirectoryHandler
FontType:TrueType
FontName:AvenirNext-Bold
FamilyName:Avenir Next
StyleName:Bold
FullName:Avenir Next Bold
MenuName:Avenir Next
StyleBits:2
WritingScript:Roman
OutlineFileName:C:\Users\hbw6955.MAIN\Downloads\MidtermAssets\Brand\Brand Sheet 105\Document fonts\Avenir Next.ttc
TTCOffset:72
DataFormat:sfntData
FileLength:5189232
FileModTime:1410303194
WeightClass:700
WidthClass:5
AngleClass:0
NameArray:0,Mac,18,Avenir Next Bold
NameArray:0,Mac,4,Avenir Next Bold
NameArray:0,Win,1,Avenir Next
NameArray:0,Win,16,Avenir Next
%EndFont

%BeginFont
Handler:DirectoryHandler
FontType:TrueType
FontName:AvenirNext-BoldItalic
FamilyName:Avenir Next
StyleName:Bold Italic
FullName:Avenir Next Bold Italic
MenuName:Avenir Next
StyleBits:0
WritingScript:Roman
OutlineFileName:C:\Users\hbw6955.MAIN\Downloads\MidtermAssets\Brand\Brand Sheet 105\Document fonts\Avenir Next.ttc
TTCOffset:356
DataFormat:sfntData
FileLength:5189232
FileModTime:1410303194
WeightClass:700
WidthClass:5
AngleClass:1
NameArray:0,Mac,18,Avenir Next Bold Italic
NameArray:0,Mac,4,Avenir Next Bold Italic
NameArray:0,Win,1,Avenir Next
NameArray:0,Win,16,Avenir Next
%EndFont

%BeginFont
Handler:DirectoryHandler
FontType:TrueType
FontName:AvenirNext-DemiBold
FamilyName:Avenir Next
StyleName:Demi Bold
FullName:Avenir Next Demi Bold
MenuName:Avenir Next Demi Bold
StyleBits:2
WritingScript:Roman
OutlineFileName:C:\Users\hbw6955.MAIN\Downloads\MidtermAssets\Brand\Brand Sheet 105\Document fonts\Avenir Next.ttc
TTCOffset:640
DataFormat:sfntData
FileLength:5189232
FileModTime:1410303194
WeightClass:600
WidthClass:5
AngleClass:0
NameArray:0,Mac,18,Avenir Next Demi Bold
NameArray:0,Mac,4,Avenir Next Demi Bold
NameArray:0,Win,1,Avenir Next Demi Bold
NameArray:0,Win,16,Avenir Next
%EndFont

%BeginFont
Handler:DirectoryHandler
FontType:TrueType
FontName:AvenirNext-DemiBoldItalic
FamilyName:Avenir Next
StyleName:Demi Bold Italic
FullName:Avenir Next Demi Bold Italic
MenuName:Avenir Next Demi Bold
StyleBits:3
WritingScript:Roman
OutlineFileName:C:\Users\hbw6955.MAIN\Downloads\MidtermAssets\Brand\Brand Sheet 105\Document fonts\Avenir Next.ttc
TTCOffset:924
DataFormat:sfntData
FileLength:5189232
FileModTime:1410303194
WeightClass:600
WidthClass:5
AngleClass:0
NameArray:0,Mac,18,Avenir Next Demi Bold Italic
NameArray:0,Mac,4,Avenir Next Demi Bold Italic
NameArray:0,Win,1,Avenir Next Demi Bold
NameArray:0,Win,16,Avenir Next
%EndFont

%BeginFont
Handler:DirectoryHandler
FontType:TrueType
FontName:AvenirNext-Italic
FamilyName:Avenir Next
StyleName:Italic
FullName:Avenir Next Italic
MenuName:Avenir Next
StyleBits:1
WritingScript:Roman
OutlineFileName:C:\Users\hbw6955.MAIN\Downloads\MidtermAssets\Brand\Brand Sheet 105\Document fonts\Avenir Next.ttc
TTCOffset:1208
DataFormat:sfntData
FileLength:5189232
FileModTime:1410303194
WeightClass:400
WidthClass:5
AngleClass:1
NameArray:0,Mac,18,Avenir Next Italic
NameArray:0,Mac,4,Avenir Next Italic
NameArray:0,Win,1,Avenir Next
NameArray:0,Win,16,Avenir Next
%EndFont

%BeginFont
Handler:DirectoryHandler
FontType:TrueType
FontName:AvenirNext-Medium
FamilyName:Avenir Next
StyleName:Medium
FullName:Avenir Next Medium
MenuName:Avenir Next Medium
StyleBits:0
WritingScript:Roman
OutlineFileName:C:\Users\hbw6955.MAIN\Downloads\MidtermAssets\Brand\Brand Sheet 105\Document fonts\Avenir Next.ttc
TTCOffset:1492
DataFormat:sfntData
FileLength:5189232
FileModTime:1410303194
WeightClass:500
WidthClass:5
AngleClass:0
NameArray:0,Mac,18,Avenir Next Medium
NameArray:0,Mac,4,Avenir Next Medium
NameArray:0,Win,1,Avenir Next Medium
NameArray:0,Win,16,Avenir Next
%EndFont

%BeginFont
Handler:DirectoryHandler
FontType:TrueType
FontName:AvenirNext-MediumItalic
FamilyName:Avenir Next
StyleName:Medium Italic
FullName:Avenir Next Medium Italic
MenuName:Avenir Next Medium
StyleBits:1
WritingScript:Roman
OutlineFileName:C:\Users\hbw6955.MAIN\Downloads\MidtermAssets\Brand\Brand Sheet 105\Document fonts\Avenir Next.ttc
TTCOffset:1776
DataFormat:sfntData
FileLength:5189232
FileModTime:1410303194
WeightClass:500
WidthClass:5
AngleClass:0
NameArray:0,Mac,18,Avenir Next Medium Italic
NameArray:0,Mac,4,Avenir Next Medium Italic
NameArray:0,Win,1,Avenir Next Medium
NameArray:0,Win,16,Avenir Next
%EndFont

%BeginFont
Handler:DirectoryHandler
FontType:TrueType
FontName:AvenirNext-Regular
FamilyName:Avenir Next
StyleName:Regular
FullName:Avenir Next Regular
MenuName:Avenir Next
StyleBits:0
WritingScript:Roman
OutlineFileName:C:\Users\hbw6955.MAIN\Downloads\MidtermAssets\Brand\Brand Sheet 105\Document fonts\Avenir Next.ttc
TTCOffset:2060
DataFormat:sfntData
FileLength:5189232
FileModTime:1410303194
WeightClass:400
WidthClass:5
AngleClass:0
NameArray:0,Mac,18,Avenir Next Regular
NameArray:0,Mac,4,Avenir Next Regular
NameArray:0,Win,1,Avenir Next
NameArray:0,Win,16,Avenir Next
%EndFont

%BeginFont
Handler:DirectoryHandler
FontType:TrueType
FontName:AvenirNext-Heavy
FamilyName:Avenir Next
StyleName:Heavy
FullName:Avenir Next Heavy
MenuName:Avenir Next Heavy
StyleBits:0
WritingScript:Roman
OutlineFileName:C:\Users\hbw6955.MAIN\Downloads\MidtermAssets\Brand\Brand Sheet 105\Document fonts\Avenir Next.ttc
TTCOffset:2344
DataFormat:sfntData
FileLength:5189232
FileModTime:1410303194
WeightClass:900
WidthClass:5
AngleClass:0
NameArray:0,Mac,18,Avenir Next Heavy
NameArray:0,Mac,4,Avenir Next Heavy
NameArray:0,Win,1,Avenir Next Heavy
NameArray:0,Win,16,Avenir Next
%EndFont

%BeginFont
Handler:DirectoryHandler
FontType:TrueType
FontName:AvenirNext-HeavyItalic
FamilyName:Avenir Next
StyleName:Heavy Italic
FullName:Avenir Next Heavy Italic
MenuName:Avenir Next Heavy
StyleBits:1
WritingScript:Roman
OutlineFileName:C:\Users\hbw6955.MAIN\Downloads\MidtermAssets\Brand\Brand Sheet 105\Document fonts\Avenir Next.ttc
TTCOffset:2628
DataFormat:sfntData
FileLength:5189232
FileModTime:1410303194
WeightClass:900
WidthClass:5
AngleClass:1
NameArray:0,Mac,18,Avenir Next Heavy Italic
NameArray:0,Mac,4,Avenir Next Heavy Italic
NameArray:0,Win,1,Avenir Next Heavy
NameArray:0,Win,16,Avenir Next
%EndFont

%BeginFont
Handler:DirectoryHandler
FontType:TrueType
FontName:AvenirNext-UltraLight
FamilyName:Avenir Next
StyleName:Ultra Light
FullName:AvenirNext-UltraLight
MenuName:Avenir Next Ultra Light
StyleBits:0
WritingScript:Roman
OutlineFileName:C:\Users\hbw6955.MAIN\Downloads\MidtermAssets\Brand\Brand Sheet 105\Document fonts\Avenir Next.ttc
TTCOffset:2912
DataFormat:sfntData
FileLength:5189232
FileModTime:1410303194
WeightClass:275
WidthClass:5
AngleClass:0
NameArray:0,Mac,18,Avenir Next Ultra Light
NameArray:0,Mac,4,Avenir Next Ultra Light
NameArray:0,Win,1,Avenir Next Ultra Light
NameArray:0,Win,16,Avenir Next
%EndFont

%BeginFont
Handler:DirectoryHandler
FontType:TrueType
FontName:AvenirNext-UltraLightItalic
FamilyName:Avenir Next
StyleName:Ultra Light Italic
FullName:Avenir Next Ultra Light Italic
MenuName:Avenir Next Ultra Light
StyleBits:0
WritingScript:Roman
OutlineFileName:C:\Users\hbw6955.MAIN\Downloads\MidtermAssets\Brand\Brand Sheet 105\Document fonts\Avenir Next.ttc
TTCOffset:3196
DataFormat:sfntData
FileLength:5189232
FileModTime:1410303194
WeightClass:275
WidthClass:5
AngleClass:1
NameArray:0,Mac,18,Avenir Next Ultra Light Italic
NameArray:0,Mac,4,Avenir Next Ultra Light Italic
NameArray:0,Win,1,Avenir Next Ultra Light
NameArray:0,Win,16,Avenir Next
%EndFont

%BeginFont
Handler:DirectoryHandler
FontType:Type1
FontName:AvenirLTStd-Heavy
FamilyName:Avenir LT Std
StyleName:85 Heavy
FullName:Avenir LT Std 85 Heavy
MenuName:Avenir LT Std 55 Roman
StyleBits:2
WritingScript:Roman
OutlineFileName:C:\Users\hbw6955.MAIN\Downloads\MidtermAssets\Brand\Brand Sheet 105\Document fonts\AvenirLTStd-Heavy.otf
DataFormat:sfntData
UsesStandardEncoding:yes
isCFF:yes
FileLength:28508
FileModTime:1442254809
WeightClass:700
WidthClass:5
AngleClass:0
DesignSize:120
NameArray:0,Mac,4,Avenir LT Std 85 Heavy
NameArray:0,Win,1,Avenir LT Std 55 Roman
NameArray:0,Win,16,Avenir LT Std
%EndFont

%BeginFont
Handler:DirectoryHandler
FontType:Type1
FontName:AvenirLTStd-Light
FamilyName:Avenir LT Std
StyleName:35 Light
FullName:Avenir LT Std 35 Light
MenuName:Avenir LT Std 35 Light
StyleBits:0
WritingScript:Roman
OutlineFileName:C:\Users\hbw6955.MAIN\Downloads\MidtermAssets\Brand\Brand Sheet 105\Document fonts\AvenirLTStd-Light copy.otf
DataFormat:sfntData
UsesStandardEncoding:yes
isCFF:yes
FileLength:28084
FileModTime:1442254809
WeightClass:300
WidthClass:5
AngleClass:0
DesignSize:120
NameArray:0,Mac,4,Avenir LT Std 35 Light
NameArray:0,Win,1,Avenir LT Std 35 Light
NameArray:0,Win,16,Avenir LT Std
%EndFont

%BeginFont
Handler:DirectoryHandler
FontType:Type1
FontName:AvenirLTStd-Medium
FamilyName:Avenir LT Std
StyleName:65 Medium
FullName:Avenir LT Std 65 Medium
MenuName:Avenir LT Std 65 Medium
StyleBits:0
WritingScript:Roman
OutlineFileName:C:\Users\hbw6955.MAIN\Downloads\MidtermAssets\Brand\Brand Sheet 105\Document fonts\AvenirLTStd-Medium.otf
DataFormat:sfntData
UsesStandardEncoding:yes
isCFF:yes
FileLength:28132
FileModTime:1442254809
WeightClass:550
WidthClass:5
AngleClass:0
DesignSize:120
NameArray:0,Mac,4,Avenir LT Std 65 Medium
NameArray:0,Win,1,Avenir LT Std 65 Medium
NameArray:0,Win,16,Avenir LT Std
%EndFont

%BeginFont
Handler:DirectoryHandler
FontType:Invalid
OutlineFileName:C:\Users\hbw6955.MAIN\Downloads\MidtermAssets\Brand\Brand Sheet 105\Document fonts\AveniRom
FileModTime:744568200
%EndFont

%BeginFont
Handler:DirectoryHandler
FontType:TrueType
FontName:Baskerville-Bold
FamilyName:Baskerville
StyleName:Bold
FullName:Baskerville Bold
MenuName:Baskerville
StyleBits:2
WritingScript:Roman
OutlineFileName:C:\Users\hbw6955.MAIN\Downloads\MidtermAssets\Brand\Brand Sheet 105\Document fonts\Baskerville.ttc
TTCOffset:48
DataFormat:sfntData
FileLength:1277484
FileModTime:1410303201
WeightClass:700
WidthClass:5
AngleClass:0
NameArray:0,Mac,4,Baskerville Bold
NameArray:0,Win,1,Baskerville
%EndFont

%BeginFont
Handler:DirectoryHandler
FontType:TrueType
FontName:Baskerville-BoldItalic
FamilyName:Baskerville
StyleName:Bold Italic
FullName:Baskerville Bold Italic
MenuName:Baskerville
StyleBits:3
WritingScript:Roman
OutlineFileName:C:\Users\hbw6955.MAIN\Downloads\MidtermAssets\Brand\Brand Sheet 105\Document fonts\Baskerville.ttc
TTCOffset:284
DataFormat:sfntData
FileLength:1277484
FileModTime:1410303201
WeightClass:700
WidthClass:5
AngleClass:1
NameArray:0,Mac,4,Baskerville Bold Italic
NameArray:0,Win,1,Baskerville
%EndFont

%BeginFont
Handler:DirectoryHandler
FontType:TrueType
FontName:Baskerville-Italic
FamilyName:Baskerville
StyleName:Italic
FullName:Baskerville Italic
MenuName:Baskerville
StyleBits:1
WritingScript:Roman
OutlineFileName:C:\Users\hbw6955.MAIN\Downloads\MidtermAssets\Brand\Brand Sheet 105\Document fonts\Baskerville.ttc
TTCOffset:536
DataFormat:sfntData
FileLength:1277484
FileModTime:1410303201
WeightClass:400
WidthClass:5
AngleClass:1
NameArray:0,Mac,4,Baskerville Italic
NameArray:0,Win,1,Baskerville
%EndFont

%BeginFont
Handler:DirectoryHandler
FontType:TrueType
FontName:Baskerville
FamilyName:Baskerville
StyleName:Regular
FullName:Baskerville
MenuName:Baskerville
StyleBits:0
WritingScript:Roman
OutlineFileName:C:\Users\hbw6955.MAIN\Downloads\MidtermAssets\Brand\Brand Sheet 105\Document fonts\Baskerville.ttc
TTCOffset:788
DataFormat:sfntData
FileLength:1277484
FileModTime:1410303201
WeightClass:400
WidthClass:5
AngleClass:0
NameArray:0,Mac,4,Baskerville
NameArray:0,Win,1,Baskerville
%EndFont

%BeginFont
Handler:DirectoryHandler
FontType:TrueType
FontName:Baskerville-SemiBold
FamilyName:Baskerville
StyleName:SemiBold
FullName:Baskerville SemiBold
MenuName:Baskerville
StyleBits:0
WritingScript:Roman
OutlineFileName:C:\Users\hbw6955.MAIN\Downloads\MidtermAssets\Brand\Brand Sheet 105\Document fonts\Baskerville.ttc
TTCOffset:1024
DataFormat:sfntData
FileLength:1277484
FileModTime:1410303201
WeightClass:600
WidthClass:5
AngleClass:0
NameArray:0,Mac,4,Baskerville SemiBold
NameArray:0,Win,1,Baskerville
%EndFont

%BeginFont
Handler:DirectoryHandler
FontType:TrueType
FontName:Baskerville-SemiBoldItalic
FamilyName:Baskerville
StyleName:SemiBold Italic
FullName:Baskerville SemiBold Italic
MenuName:Baskerville
StyleBits:1
WritingScript:Roman
OutlineFileName:C:\Users\hbw6955.MAIN\Downloads\MidtermAssets\Brand\Brand Sheet 105\Document fonts\Baskerville.ttc
TTCOffset:1260
DataFormat:sfntData
FileLength:1277484
FileModTime:1410303201
WeightClass:600
WidthClass:5
AngleClass:1
NameArray:0,Mac,4,Baskerville SemiBold Italic
NameArray:0,Win,1,Baskerville
%EndFont

%BeginFont
Handler:DirectoryHandler
FontType:Invalid
OutlineFileName:C:\Users\hbw6955.MAIN\Downloads\MidtermAssets\Brand\Brand Sheet 105\Document fonts\Futur
FileModTime:568007967
%EndFont

%BeginFont
Handler:DirectoryHandler
FontType:Invalid
OutlineFileName:C:\Users\hbw6955.MAIN\Downloads\MidtermAssets\Brand\Brand Sheet 105\Document fonts\Futura
FileModTime:997217813
%EndFont

%BeginFont
Handler:DirectoryHandler
FontType:Invalid
OutlineFileName:C:\Users\hbw6955.MAIN\Downloads\MidtermAssets\Brand\Brand Sheet 105\Document fonts\HelveticaNeue.dfont
FileModTime:1270853065
%EndFont

%BeginFont
Handler:DirectoryHandler
FontType:Invalid
OutlineFileName:C:\Users\hbw6955.MAIN\Downloads\MidtermAssets\Brand\Brand Sheet 105\Document fonts\ImpreRom
FileModTime:1440623480
%EndFont

%BeginFont
Handler:DirectoryHandler
FontType:Invalid
OutlineFileName:C:\Users\hbw6955.MAIN\Downloads\MidtermAssets\Brand\Brand Sheet 105\Document fonts\Impressum-Roman
FileModTime:1440623479
%EndFont

