%!Adobe-FontList 1.14
%Locale:0x409

%BeginFont
Handler:DirectoryHandler
FontType:Suitcase
FontName:Avenir-Roman
OutlineFileName:\A Avenir
ResourceID:14680
MacStyle:0
FileLength:58534
FileModTime:792725284
%EndFont

%BeginFont
Handler:DirectoryHandler
FontType:Suitcase
FontName:Avenir-Heavy
OutlineFileName:\A Avenir
ResourceID:14680
MacStyle:1
FileLength:58534
FileModTime:792725284
%EndFont

%BeginFont
Handler:DirectoryHandler
FontType:Suitcase
FontName:Avenir-Oblique
OutlineFileName:\A Avenir
ResourceID:14680
MacStyle:2
FileLength:58534
FileModTime:792725284
%EndFont

%BeginFont
Handler:DirectoryHandler
FontType:Suitcase
FontName:Avenir-HeavyOblique
OutlineFileName:\A Avenir
ResourceID:14680
MacStyle:3
FileLength:58534
FileModTime:792725284
%EndFont

%BeginFont
Handler:DirectoryHandler
FontType:Suitcase
FontName:Avenir-Oblique
OutlineFileName:\A Avenir
ResourceID:14679
MacStyle:0
FileLength:58534
FileModTime:792725284
%EndFont

%BeginFont
Handler:DirectoryHandler
FontType:Suitcase
FontName:Avenir-HeavyOblique
OutlineFileName:\A Avenir
ResourceID:14679
MacStyle:1
FileLength:58534
FileModTime:792725284
%EndFont

%BeginFont
Handler:DirectoryHandler
FontType:Suitcase
FontName:Avenir-LightOblique
OutlineFileName:\A Avenir
ResourceID:14681
MacStyle:0
FileLength:58534
FileModTime:792725284
%EndFont

%BeginFont
Handler:DirectoryHandler
FontType:Suitcase
FontName:Avenir-Light
OutlineFileName:\A Avenir
ResourceID:14682
MacStyle:0
FileLength:58534
FileModTime:792725284
%EndFont

%BeginFont
Handler:DirectoryHandler
FontType:Suitcase
FontName:Avenir-LightOblique
OutlineFileName:\A Avenir
ResourceID:14682
MacStyle:2
FileLength:58534
FileModTime:792725284
%EndFont

%BeginFont
Handler:DirectoryHandler
FontType:Suitcase
FontName:Avenir-HeavyOblique
OutlineFileName:\A Avenir
ResourceID:14677
MacStyle:0
FileLength:58534
FileModTime:792725284
%EndFont

%BeginFont
Handler:DirectoryHandler
FontType:Suitcase
FontName:Avenir-Heavy
OutlineFileName:\A Avenir
ResourceID:14678
MacStyle:0
FileLength:58534
FileModTime:792725284
%EndFont

%BeginFont
Handler:DirectoryHandler
FontType:Suitcase
FontName:Avenir-HeavyOblique
OutlineFileName:\A Avenir
ResourceID:14678
MacStyle:2
FileLength:58534
FileModTime:792725284
%EndFont

%BeginFont
Handler:DirectoryHandler
FontType:Suitcase
FontName:Avenir-MediumOblique
OutlineFileName:\A Avenir
ResourceID:14673
MacStyle:0
FileLength:58534
FileModTime:792725284
%EndFont

%BeginFont
Handler:DirectoryHandler
FontType:Suitcase
FontName:Avenir-BlackOblique
OutlineFileName:\A Avenir
ResourceID:14673
MacStyle:1
FileLength:58534
FileModTime:792725284
%EndFont

%BeginFont
Handler:DirectoryHandler
FontType:Suitcase
FontName:Avenir-Medium
OutlineFileName:\A Avenir
ResourceID:14674
MacStyle:0
FileLength:58534
FileModTime:792725284
%EndFont

%BeginFont
Handler:DirectoryHandler
FontType:Suitcase
FontName:Avenir-Black
OutlineFileName:\A Avenir
ResourceID:14674
MacStyle:1
FileLength:58534
FileModTime:792725284
%EndFont

%BeginFont
Handler:DirectoryHandler
FontType:Suitcase
FontName:Avenir-MediumOblique
OutlineFileName:\A Avenir
ResourceID:14674
MacStyle:2
FileLength:58534
FileModTime:792725284
%EndFont

%BeginFont
Handler:DirectoryHandler
FontType:Suitcase
FontName:Avenir-BlackOblique
OutlineFileName:\A Avenir
ResourceID:14674
MacStyle:3
FileLength:58534
FileModTime:792725284
%EndFont

%BeginFont
Handler:DirectoryHandler
FontType:Suitcase
FontName:Avenir-BlackOblique
OutlineFileName:\A Avenir
ResourceID:14671
MacStyle:0
FileLength:58534
FileModTime:792725284
%EndFont

%BeginFont
Handler:DirectoryHandler
FontType:Suitcase
FontName:Avenir-Black
OutlineFileName:\A Avenir
ResourceID:14672
MacStyle:0
FileLength:58534
FileModTime:792725284
%EndFont

%BeginFont
Handler:DirectoryHandler
FontType:Suitcase
FontName:Avenir-BlackOblique
OutlineFileName:\A Avenir
ResourceID:14672
MacStyle:2
FileLength:58534
FileModTime:792725284
%EndFont

%BeginFont
Handler:DirectoryHandler
FontType:Suitcase
FontName:Avenir-BookOblique
OutlineFileName:\A Avenir
ResourceID:14675
MacStyle:0
FileLength:58534
FileModTime:792725284
%EndFont

%BeginFont
Handler:DirectoryHandler
FontType:Suitcase
FontName:Avenir-Book
OutlineFileName:\A Avenir
ResourceID:14676
MacStyle:0
FileLength:58534
FileModTime:792725284
%EndFont

%BeginFont
Handler:DirectoryHandler
FontType:Suitcase
FontName:Avenir-BookOblique
OutlineFileName:\A Avenir
ResourceID:14676
MacStyle:2
FileLength:58534
FileModTime:792725284
%EndFont

%BeginFont
Handler:DirectoryHandler
FontType:Type1
FontName:Avenir-Black
FamilyName:Avenir
StyleName:95 Black
MenuName:Avenir 65 Medium
StyleBits:2
WeightClass:900
WidthClass:5
AngleClass:0
FullName:12 Avenir 95 Black   09173
WritingScript:Roman
OutlineFileName:\AveniBla
DataFormat:POSTResource
UsesStandardEncoding:yes
isCFF:no
FileLength:32650
FileModTime:744553800
DesignSize:-1
%EndFont

%BeginFont
Handler:DirectoryHandler
FontType:Type1
FontName:Avenir-Heavy
FamilyName:Avenir
StyleName:85 Heavy
MenuName:Avenir 55 Roman
StyleBits:2
WeightClass:850
WidthClass:5
AngleClass:0
FullName:12 Avenir 85 Heavy   08173
WritingScript:Roman
OutlineFileName:\AveniHea
DataFormat:POSTResource
UsesStandardEncoding:yes
isCFF:no
FileLength:31687
FileModTime:744553800
DesignSize:-1
%EndFont

%BeginFont
Handler:DirectoryHandler
FontType:TrueType
FontName:AvenirNext-Bold
FamilyName:Avenir Next
StyleName:Bold
MenuName:Avenir Next
StyleBits:2
WeightClass:700
WidthClass:5
AngleClass:0
FullName:Avenir Next Bold
WritingScript:Roman
OutlineFileName:\Avenir Next.ttc
TTCOffset:72
DataFormat:sfntData
FileLength:5189232
FileModTime:1410288794
%EndFont

%BeginFont
Handler:DirectoryHandler
FontType:TrueType
FontName:AvenirNext-BoldItalic
FamilyName:Avenir Next
StyleName:Bold Italic
MenuName:Avenir Next
StyleBits:0
WeightClass:700
WidthClass:5
AngleClass:1
FullName:Avenir Next Bold Italic
WritingScript:Roman
OutlineFileName:\Avenir Next.ttc
TTCOffset:356
DataFormat:sfntData
FileLength:5189232
FileModTime:1410288794
%EndFont

%BeginFont
Handler:DirectoryHandler
FontType:TrueType
FontName:AvenirNext-DemiBold
FamilyName:Avenir Next
StyleName:Demi Bold
MenuName:Avenir Next Demi Bold
StyleBits:2
WeightClass:600
WidthClass:5
AngleClass:0
FullName:Avenir Next Demi Bold
WritingScript:Roman
OutlineFileName:\Avenir Next.ttc
TTCOffset:640
DataFormat:sfntData
FileLength:5189232
FileModTime:1410288794
%EndFont

%BeginFont
Handler:DirectoryHandler
FontType:TrueType
FontName:AvenirNext-DemiBoldItalic
FamilyName:Avenir Next
StyleName:Demi Bold Italic
MenuName:Avenir Next Demi Bold
StyleBits:3
WeightClass:600
WidthClass:5
AngleClass:0
FullName:Avenir Next Demi Bold Italic
WritingScript:Roman
OutlineFileName:\Avenir Next.ttc
TTCOffset:924
DataFormat:sfntData
FileLength:5189232
FileModTime:1410288794
%EndFont

%BeginFont
Handler:DirectoryHandler
FontType:TrueType
FontName:AvenirNext-Italic
FamilyName:Avenir Next
StyleName:Italic
MenuName:Avenir Next
StyleBits:1
WeightClass:400
WidthClass:5
AngleClass:1
FullName:Avenir Next Italic
WritingScript:Roman
OutlineFileName:\Avenir Next.ttc
TTCOffset:1208
DataFormat:sfntData
FileLength:5189232
FileModTime:1410288794
%EndFont

%BeginFont
Handler:DirectoryHandler
FontType:TrueType
FontName:AvenirNext-Medium
FamilyName:Avenir Next
StyleName:Medium
MenuName:Avenir Next Medium
StyleBits:0
WeightClass:500
WidthClass:5
AngleClass:0
FullName:Avenir Next Medium
WritingScript:Roman
OutlineFileName:\Avenir Next.ttc
TTCOffset:1492
DataFormat:sfntData
FileLength:5189232
FileModTime:1410288794
%EndFont

%BeginFont
Handler:DirectoryHandler
FontType:TrueType
FontName:AvenirNext-MediumItalic
FamilyName:Avenir Next
StyleName:Medium Italic
MenuName:Avenir Next Medium
StyleBits:1
WeightClass:500
WidthClass:5
AngleClass:0
FullName:Avenir Next Medium Italic
WritingScript:Roman
OutlineFileName:\Avenir Next.ttc
TTCOffset:1776
DataFormat:sfntData
FileLength:5189232
FileModTime:1410288794
%EndFont

%BeginFont
Handler:DirectoryHandler
FontType:TrueType
FontName:AvenirNext-Regular
FamilyName:Avenir Next
StyleName:Regular
MenuName:Avenir Next
StyleBits:0
WeightClass:400
WidthClass:5
AngleClass:0
FullName:Avenir Next Regular
WritingScript:Roman
OutlineFileName:\Avenir Next.ttc
TTCOffset:2060
DataFormat:sfntData
FileLength:5189232
FileModTime:1410288794
%EndFont

%BeginFont
Handler:DirectoryHandler
FontType:TrueType
FontName:AvenirNext-Heavy
FamilyName:Avenir Next
StyleName:Heavy
MenuName:Avenir Next Heavy
StyleBits:0
WeightClass:900
WidthClass:5
AngleClass:0
FullName:Avenir Next Heavy
WritingScript:Roman
OutlineFileName:\Avenir Next.ttc
TTCOffset:2344
DataFormat:sfntData
FileLength:5189232
FileModTime:1410288794
%EndFont

%BeginFont
Handler:DirectoryHandler
FontType:TrueType
FontName:AvenirNext-HeavyItalic
FamilyName:Avenir Next
StyleName:Heavy Italic
MenuName:Avenir Next Heavy
StyleBits:1
WeightClass:900
WidthClass:5
AngleClass:1
FullName:Avenir Next Heavy Italic
WritingScript:Roman
OutlineFileName:\Avenir Next.ttc
TTCOffset:2628
DataFormat:sfntData
FileLength:5189232
FileModTime:1410288794
%EndFont

%BeginFont
Handler:DirectoryHandler
FontType:TrueType
FontName:AvenirNext-UltraLight
FamilyName:Avenir Next
StyleName:Ultra Light
MenuName:Avenir Next Ultra Light
StyleBits:0
WeightClass:275
WidthClass:5
AngleClass:0
FullName:AvenirNext-UltraLight
WritingScript:Roman
OutlineFileName:\Avenir Next.ttc
TTCOffset:2912
DataFormat:sfntData
FileLength:5189232
FileModTime:1410288794
%EndFont

%BeginFont
Handler:DirectoryHandler
FontType:TrueType
FontName:AvenirNext-UltraLightItalic
FamilyName:Avenir Next
StyleName:Ultra Light Italic
MenuName:Avenir Next Ultra Light
StyleBits:0
WeightClass:275
WidthClass:5
AngleClass:1
FullName:Avenir Next Ultra Light Italic
WritingScript:Roman
OutlineFileName:\Avenir Next.ttc
TTCOffset:3196
DataFormat:sfntData
FileLength:5189232
FileModTime:1410288794
%EndFont

%BeginFont
Handler:DirectoryHandler
FontType:Type1
FontName:AvenirLTStd-Heavy
FamilyName:Avenir LT Std
StyleName:85 Heavy
MenuName:Avenir LT Std 55 Roman
StyleBits:2
WeightClass:700
WidthClass:5
AngleClass:0
FullName:Avenir LT Std 85 Heavy
WritingScript:Roman
OutlineFileName:\AvenirLTStd-Heavy.otf
DataFormat:sfntData
UsesStandardEncoding:yes
isCFF:yes
FileLength:28508
FileModTime:1442240409
DesignSize:120
%EndFont

%BeginFont
Handler:DirectoryHandler
FontType:Type1
FontName:AvenirLTStd-Light
FamilyName:Avenir LT Std
StyleName:35 Light
MenuName:Avenir LT Std 35 Light
StyleBits:0
WeightClass:300
WidthClass:5
AngleClass:0
FullName:Avenir LT Std 35 Light
WritingScript:Roman
OutlineFileName:\AvenirLTStd-Light copy.otf
DataFormat:sfntData
UsesStandardEncoding:yes
isCFF:yes
FileLength:28084
FileModTime:1442240409
DesignSize:120
%EndFont

%BeginFont
Handler:DirectoryHandler
FontType:Type1
FontName:AvenirLTStd-Medium
FamilyName:Avenir LT Std
StyleName:65 Medium
MenuName:Avenir LT Std 65 Medium
StyleBits:0
WeightClass:550
WidthClass:5
AngleClass:0
FullName:Avenir LT Std 65 Medium
WritingScript:Roman
OutlineFileName:\AvenirLTStd-Medium.otf
DataFormat:sfntData
UsesStandardEncoding:yes
isCFF:yes
FileLength:28132
FileModTime:1442240409
DesignSize:120
%EndFont

%BeginFont
Handler:DirectoryHandler
FontType:Type1
FontName:Avenir-Roman
FamilyName:Avenir
StyleName:55 Roman
MenuName:Avenir 55 Roman
StyleBits:0
WeightClass:400
WidthClass:5
AngleClass:0
FullName:12 Avenir 55 Roman   05173
WritingScript:Roman
OutlineFileName:\AveniRom
DataFormat:POSTResource
UsesStandardEncoding:yes
isCFF:no
FileLength:31192
FileModTime:744553800
DesignSize:-1
%EndFont

%BeginFont
Handler:DirectoryHandler
FontType:TrueType
FontName:Baskerville-Bold
FamilyName:Baskerville
StyleName:Bold
MenuName:Baskerville
StyleBits:2
WeightClass:700
WidthClass:5
AngleClass:0
FullName:Baskerville Bold
WritingScript:Roman
OutlineFileName:\Baskerville.ttc
TTCOffset:48
DataFormat:sfntData
FileLength:1277484
FileModTime:1410288801
%EndFont

%BeginFont
Handler:DirectoryHandler
FontType:TrueType
FontName:Baskerville-BoldItalic
FamilyName:Baskerville
StyleName:Bold Italic
MenuName:Baskerville
StyleBits:3
WeightClass:700
WidthClass:5
AngleClass:1
FullName:Baskerville Bold Italic
WritingScript:Roman
OutlineFileName:\Baskerville.ttc
TTCOffset:284
DataFormat:sfntData
FileLength:1277484
FileModTime:1410288801
%EndFont

%BeginFont
Handler:DirectoryHandler
FontType:TrueType
FontName:Baskerville-Italic
FamilyName:Baskerville
StyleName:Italic
MenuName:Baskerville
StyleBits:1
WeightClass:400
WidthClass:5
AngleClass:1
FullName:Baskerville Italic
WritingScript:Roman
OutlineFileName:\Baskerville.ttc
TTCOffset:536
DataFormat:sfntData
FileLength:1277484
FileModTime:1410288801
%EndFont

%BeginFont
Handler:DirectoryHandler
FontType:TrueType
FontName:Baskerville
FamilyName:Baskerville
StyleName:Regular
MenuName:Baskerville
StyleBits:0
WeightClass:400
WidthClass:5
AngleClass:0
FullName:Baskerville
WritingScript:Roman
OutlineFileName:\Baskerville.ttc
TTCOffset:788
DataFormat:sfntData
FileLength:1277484
FileModTime:1410288801
%EndFont

%BeginFont
Handler:DirectoryHandler
FontType:TrueType
FontName:Baskerville-SemiBold
FamilyName:Baskerville
StyleName:SemiBold
MenuName:Baskerville
StyleBits:0
WeightClass:600
WidthClass:5
AngleClass:0
FullName:Baskerville SemiBold
WritingScript:Roman
OutlineFileName:\Baskerville.ttc
TTCOffset:1024
DataFormat:sfntData
FileLength:1277484
FileModTime:1410288801
%EndFont

%BeginFont
Handler:DirectoryHandler
FontType:TrueType
FontName:Baskerville-SemiBoldItalic
FamilyName:Baskerville
StyleName:SemiBold Italic
MenuName:Baskerville
StyleBits:1
WeightClass:600
WidthClass:5
AngleClass:1
FullName:Baskerville SemiBold Italic
WritingScript:Roman
OutlineFileName:\Baskerville.ttc
TTCOffset:1260
DataFormat:sfntData
FileLength:1277484
FileModTime:1410288801
%EndFont

%BeginFont
Handler:DirectoryHandler
FontType:Type1
FontName:Futura
FamilyName:Futura
StyleName:Medium
MenuName:Futura Medium
StyleBits:0
WeightClass:500
WidthClass:5
AngleClass:0
FullName:Futura Medium
WritingScript:Roman
OutlineFileName:\Futur
DataFormat:POSTResource
UsesStandardEncoding:yes
isCFF:no
FileLength:28261
FileModTime:567986367
DesignSize:-1
%EndFont

%BeginFont
Handler:DirectoryHandler
FontType:Suitcase
FontName:Futura-CondExtraBoldObl
OutlineFileName:\Futura
ResourceID:14823
MacStyle:0
FileLength:399493
FileModTime:997203413
%EndFont

%BeginFont
Handler:DirectoryHandler
FontType:Suitcase
FontName:Futura-CondensedExtraBold
OutlineFileName:\Futura
ResourceID:14824
MacStyle:0
FileLength:399493
FileModTime:997203413
%EndFont

%BeginFont
Handler:DirectoryHandler
FontType:Suitcase
FontName:Futura-CondExtraBoldObl
OutlineFileName:\Futura
ResourceID:14824
MacStyle:2
FileLength:399493
FileModTime:997203413
%EndFont

%BeginFont
Handler:DirectoryHandler
FontType:Suitcase
FontName:Futura-CondensedBoldOblique
OutlineFileName:\Futura
ResourceID:14825
MacStyle:0
FileLength:399493
FileModTime:997203413
%EndFont

%BeginFont
Handler:DirectoryHandler
FontType:Suitcase
FontName:Futura-CondensedBold
OutlineFileName:\Futura
ResourceID:14826
MacStyle:0
FileLength:399493
FileModTime:997203413
%EndFont

%BeginFont
Handler:DirectoryHandler
FontType:Suitcase
FontName:Futura-CondensedBoldOblique
OutlineFileName:\Futura
ResourceID:14826
MacStyle:2
FileLength:399493
FileModTime:997203413
%EndFont

%BeginFont
Handler:DirectoryHandler
FontType:Suitcase
FontName:Futura-CondensedOblique
OutlineFileName:\Futura
ResourceID:14827
MacStyle:0
FileLength:399493
FileModTime:997203413
%EndFont

%BeginFont
Handler:DirectoryHandler
FontType:Suitcase
FontName:Futura-CondensedBoldOblique
OutlineFileName:\Futura
ResourceID:14827
MacStyle:1
FileLength:399493
FileModTime:997203413
%EndFont

%BeginFont
Handler:DirectoryHandler
FontType:Suitcase
FontName:Futura-Condensed
OutlineFileName:\Futura
ResourceID:14828
MacStyle:0
FileLength:399493
FileModTime:997203413
%EndFont

%BeginFont
Handler:DirectoryHandler
FontType:Suitcase
FontName:Futura-CondensedBold
OutlineFileName:\Futura
ResourceID:14828
MacStyle:1
FileLength:399493
FileModTime:997203413
%EndFont

%BeginFont
Handler:DirectoryHandler
FontType:Suitcase
FontName:Futura-CondensedOblique
OutlineFileName:\Futura
ResourceID:14828
MacStyle:2
FileLength:399493
FileModTime:997203413
%EndFont

%BeginFont
Handler:DirectoryHandler
FontType:Suitcase
FontName:Futura-CondensedBoldOblique
OutlineFileName:\Futura
ResourceID:14828
MacStyle:3
FileLength:399493
FileModTime:997203413
%EndFont

%BeginFont
Handler:DirectoryHandler
FontType:Suitcase
FontName:Futura-CondensedLightOblique
OutlineFileName:\Futura
ResourceID:14829
MacStyle:0
FileLength:399493
FileModTime:997203413
%EndFont

%BeginFont
Handler:DirectoryHandler
FontType:Suitcase
FontName:Futura-CondensedLight
OutlineFileName:\Futura
ResourceID:14830
MacStyle:0
FileLength:399493
FileModTime:997203413
%EndFont

%BeginFont
Handler:DirectoryHandler
FontType:Suitcase
FontName:Futura-CondensedLightOblique
OutlineFileName:\Futura
ResourceID:14830
MacStyle:2
FileLength:399493
FileModTime:997203413
%EndFont

%BeginFont
Handler:DirectoryHandler
FontType:Suitcase
FontName:Futura-ExtraBoldOblique
OutlineFileName:\Futura
ResourceID:14831
MacStyle:0
FileLength:399493
FileModTime:997203413
%EndFont

%BeginFont
Handler:DirectoryHandler
FontType:Suitcase
FontName:Futura-ExtraBold
OutlineFileName:\Futura
ResourceID:14832
MacStyle:0
FileLength:399493
FileModTime:997203413
%EndFont

%BeginFont
Handler:DirectoryHandler
FontType:Suitcase
FontName:Futura-ExtraBoldOblique
OutlineFileName:\Futura
ResourceID:14832
MacStyle:2
FileLength:399493
FileModTime:997203413
%EndFont

%BeginFont
Handler:DirectoryHandler
FontType:Suitcase
FontName:Futura-HeavyOblique
OutlineFileName:\Futura
ResourceID:14833
MacStyle:0
FileLength:399493
FileModTime:997203413
%EndFont

%BeginFont
Handler:DirectoryHandler
FontType:Suitcase
FontName:Futura-Heavy
OutlineFileName:\Futura
ResourceID:14834
MacStyle:0
FileLength:399493
FileModTime:997203413
%EndFont

%BeginFont
Handler:DirectoryHandler
FontType:Suitcase
FontName:Futura-HeavyOblique
OutlineFileName:\Futura
ResourceID:14834
MacStyle:2
FileLength:399493
FileModTime:997203413
%EndFont

%BeginFont
Handler:DirectoryHandler
FontType:Suitcase
FontName:Futura-Oblique
OutlineFileName:\Futura
ResourceID:14835
MacStyle:0
FileLength:399493
FileModTime:997203413
%EndFont

%BeginFont
Handler:DirectoryHandler
FontType:Suitcase
FontName:Futura-HeavyOblique
OutlineFileName:\Futura
ResourceID:14835
MacStyle:1
FileLength:399493
FileModTime:997203413
%EndFont

%BeginFont
Handler:DirectoryHandler
FontType:Suitcase
FontName:Futura
OutlineFileName:\Futura
ResourceID:14836
MacStyle:0
FileLength:399493
FileModTime:997203413
%EndFont

%BeginFont
Handler:DirectoryHandler
FontType:Suitcase
FontName:Futura-Heavy
OutlineFileName:\Futura
ResourceID:14836
MacStyle:1
FileLength:399493
FileModTime:997203413
%EndFont

%BeginFont
Handler:DirectoryHandler
FontType:Suitcase
FontName:Futura-Oblique
OutlineFileName:\Futura
ResourceID:14836
MacStyle:2
FileLength:399493
FileModTime:997203413
%EndFont

%BeginFont
Handler:DirectoryHandler
FontType:Suitcase
FontName:Futura-HeavyOblique
OutlineFileName:\Futura
ResourceID:14836
MacStyle:3
FileLength:399493
FileModTime:997203413
%EndFont

%BeginFont
Handler:DirectoryHandler
FontType:Suitcase
FontName:Futura-BoldOblique
OutlineFileName:\Futura
ResourceID:14867
MacStyle:0
FileLength:399493
FileModTime:997203413
%EndFont

%BeginFont
Handler:DirectoryHandler
FontType:Suitcase
FontName:Futura-Bold
OutlineFileName:\Futura
ResourceID:14868
MacStyle:0
FileLength:399493
FileModTime:997203413
%EndFont

%BeginFont
Handler:DirectoryHandler
FontType:Suitcase
FontName:Futura-BoldOblique
OutlineFileName:\Futura
ResourceID:14868
MacStyle:2
FileLength:399493
FileModTime:997203413
%EndFont

%BeginFont
Handler:DirectoryHandler
FontType:Suitcase
FontName:Futura-BookOblique
OutlineFileName:\Futura
ResourceID:14869
MacStyle:0
FileLength:399493
FileModTime:997203413
%EndFont

%BeginFont
Handler:DirectoryHandler
FontType:Suitcase
FontName:Futura-BoldOblique
OutlineFileName:\Futura
ResourceID:14869
MacStyle:1
FileLength:399493
FileModTime:997203413
%EndFont

%BeginFont
Handler:DirectoryHandler
FontType:Suitcase
FontName:Futura-Book
OutlineFileName:\Futura
ResourceID:14870
MacStyle:0
FileLength:399493
FileModTime:997203413
%EndFont

%BeginFont
Handler:DirectoryHandler
FontType:Suitcase
FontName:Futura-Bold
OutlineFileName:\Futura
ResourceID:14870
MacStyle:1
FileLength:399493
FileModTime:997203413
%EndFont

%BeginFont
Handler:DirectoryHandler
FontType:Suitcase
FontName:Futura-BookOblique
OutlineFileName:\Futura
ResourceID:14870
MacStyle:2
FileLength:399493
FileModTime:997203413
%EndFont

%BeginFont
Handler:DirectoryHandler
FontType:Suitcase
FontName:Futura-BoldOblique
OutlineFileName:\Futura
ResourceID:14870
MacStyle:3
FileLength:399493
FileModTime:997203413
%EndFont

%BeginFont
Handler:DirectoryHandler
FontType:Suitcase
FontName:Futura-LightOblique
OutlineFileName:\Futura
ResourceID:14871
MacStyle:0
FileLength:399493
FileModTime:997203413
%EndFont

%BeginFont
Handler:DirectoryHandler
FontType:Suitcase
FontName:Futura-BoldOblique
OutlineFileName:\Futura
ResourceID:14871
MacStyle:1
FileLength:399493
FileModTime:997203413
%EndFont

%BeginFont
Handler:DirectoryHandler
FontType:Suitcase
FontName:Futura-Light
OutlineFileName:\Futura
ResourceID:14872
MacStyle:0
FileLength:399493
FileModTime:997203413
%EndFont

%BeginFont
Handler:DirectoryHandler
FontType:Suitcase
FontName:Futura-LightOblique
OutlineFileName:\Futura
ResourceID:14872
MacStyle:2
FileLength:399493
FileModTime:997203413
%EndFont

%BeginFont
Handler:DirectoryHandler
FontType:TrueType
FontName:HelveticaNeue-Bold
FamilyName:Helvetica Neue
StyleName:Bold
MenuName:Helvetica Neue
StyleBits:2
WeightClass:700
WidthClass:5
AngleClass:0
FullName:Helvetica Neue Bold
FamilyNameNative:
StyleNameNative:Bold
FullNameNative:
WritingScript:Cyrillic
OutlineFileName:\HelveticaNeue.dfont
DataFormat:sfntResource
ResourceID:14151
FileLength:1406971
FileModTime:1270838665
%EndFont

%BeginFont
Handler:DirectoryHandler
FontType:TrueType
FontName:HelveticaNeue
FamilyName:Helvetica Neue
StyleName:Regular
MenuName:Helvetica Neue
StyleBits:0
WeightClass:400
WidthClass:5
AngleClass:0
FullName:Helvetica Neue
FamilyNameNative:
StyleNameNative:Regular
FullNameNative:
WritingScript:Cyrillic
OutlineFileName:\HelveticaNeue.dfont
DataFormat:sfntResource
ResourceID:15445
FileLength:1406971
FileModTime:1270838665
%EndFont

%BeginFont
Handler:DirectoryHandler
FontType:TrueType
FontName:HelveticaNeue-UltraLight
FamilyName:Helvetica Neue
StyleName:UltraLight
MenuName:Helvetica Neue
StyleBits:0
WeightClass:100
WidthClass:5
AngleClass:0
FullName:Helvetica Neue UltraLight
FamilyNameNative:
StyleNameNative:UltraLight
FullNameNative:
WritingScript:Cyrillic
OutlineFileName:\HelveticaNeue.dfont
DataFormat:sfntResource
ResourceID:8110
FileLength:1406971
FileModTime:1270838665
%EndFont

%BeginFont
Handler:DirectoryHandler
FontType:TrueType
FontName:HelveticaNeue-Italic
FamilyName:Helvetica Neue
StyleName:Italic
MenuName:Helvetica Neue
StyleBits:1
WeightClass:400
WidthClass:5
AngleClass:1
FullName:Helvetica Neue Italic
FamilyNameNative:
StyleNameNative:Italic
FullNameNative:
WritingScript:Cyrillic
OutlineFileName:\HelveticaNeue.dfont
DataFormat:sfntResource
ResourceID:18772
FileLength:1406971
FileModTime:1270838665
%EndFont

%BeginFont
Handler:DirectoryHandler
FontType:TrueType
FontName:HelveticaNeue-Light
FamilyName:Helvetica Neue
StyleName:Light
MenuName:Helvetica Neue
StyleBits:0
WeightClass:300
WidthClass:5
AngleClass:0
FullName:Helvetica Neue Light
FamilyNameNative:
StyleNameNative:Light
FullNameNative:
WritingScript:Cyrillic
OutlineFileName:\HelveticaNeue.dfont
DataFormat:sfntResource
ResourceID:20609
FileLength:1406971
FileModTime:1270838665
%EndFont

%BeginFont
Handler:DirectoryHandler
FontType:TrueType
FontName:HelveticaNeue-UltraLightItalic
FamilyName:Helvetica Neue
StyleName:UltraLight Italic
MenuName:Helvetica Neue
StyleBits:1
WeightClass:100
WidthClass:5
AngleClass:1
FullName:Helvetica Neue UltraLight Italic
FamilyNameNative:
StyleNameNative:UltraLight Italic
FullNameNative:
WritingScript:Cyrillic
OutlineFileName:\HelveticaNeue.dfont
DataFormat:sfntResource
ResourceID:24685
FileLength:1406971
FileModTime:1270838665
%EndFont

%BeginFont
Handler:DirectoryHandler
FontType:TrueType
FontName:HelveticaNeue-CondensedBlack
FamilyName:Helvetica Neue
StyleName:Condensed Black
MenuName:Helvetica Neue
StyleBits:2
WeightClass:900
WidthClass:3
AngleClass:0
FullName:Helvetica Neue Condensed Black
FamilyNameNative:
StyleNameNative:Condensed Black
FullNameNative:
WritingScript:Cyrillic
OutlineFileName:\HelveticaNeue.dfont
DataFormat:sfntResource
ResourceID:28134
FileLength:1406971
FileModTime:1270838665
%EndFont

%BeginFont
Handler:DirectoryHandler
FontType:TrueType
FontName:HelveticaNeue-CondensedBold
FamilyName:Helvetica Neue
StyleName:Condensed Bold
MenuName:Helvetica Neue
StyleBits:2
WeightClass:700
WidthClass:3
AngleClass:0
FullName:Helvetica Neue Condensed Bold
FamilyNameNative:
StyleNameNative:Condensed Bold
FullNameNative:
WritingScript:Cyrillic
OutlineFileName:\HelveticaNeue.dfont
DataFormat:sfntResource
ResourceID:30606
FileLength:1406971
FileModTime:1270838665
%EndFont

%BeginFont
Handler:DirectoryHandler
FontType:TrueType
FontName:HelveticaNeue-BoldItalic
FamilyName:Helvetica Neue
StyleName:Bold Italic
MenuName:Helvetica Neue
StyleBits:3
WeightClass:700
WidthClass:5
AngleClass:1
FullName:Helvetica Neue Bold Italic
FamilyNameNative:
StyleNameNative:Bold Italic
FullNameNative:
WritingScript:Cyrillic
OutlineFileName:\HelveticaNeue.dfont
DataFormat:sfntResource
ResourceID:12888
FileLength:1406971
FileModTime:1270838665
%EndFont

%BeginFont
Handler:DirectoryHandler
FontType:TrueType
FontName:HelveticaNeue-LightItalic
FamilyName:Helvetica Neue
StyleName:Light Italic
MenuName:Helvetica Neue
StyleBits:1
WeightClass:300
WidthClass:5
AngleClass:1
FullName:Helvetica Neue Light Italic
FamilyNameNative:
StyleNameNative:Light Italic
FullNameNative:
WritingScript:Cyrillic
OutlineFileName:\HelveticaNeue.dfont
DataFormat:sfntResource
ResourceID:13514
FileLength:1406971
FileModTime:1270838665
%EndFont

%BeginFont
Handler:DirectoryHandler
FontType:TrueType
FontName:HelveticaNeue-Medium
FamilyName:Helvetica Neue
StyleName:Medium
MenuName:Helvetica Neue
StyleBits:0
WeightClass:500
WidthClass:5
AngleClass:0
FullName:Helvetica Neue Medium
WritingScript:Roman
OutlineFileName:\HelveticaNeue.dfont
DataFormat:sfntResource
ResourceID:14242
FileLength:1406971
FileModTime:1270838665
%EndFont

%BeginFont
Handler:DirectoryHandler
FontType:Suitcase
FontName:HelveticaNeue
OutlineFileName:\HelveticaNeue.dfont
ResourceID:4684
MacStyle:0
FileLength:1406971
FileModTime:1270838665
%EndFont

%BeginFont
Handler:DirectoryHandler
FontType:Suitcase
FontName:HelveticaNeue-Bold
OutlineFileName:\HelveticaNeue.dfont
ResourceID:4684
MacStyle:1
FileLength:1406971
FileModTime:1270838665
%EndFont

%BeginFont
Handler:DirectoryHandler
FontType:Suitcase
FontName:HelveticaNeue-Italic
OutlineFileName:\HelveticaNeue.dfont
ResourceID:4684
MacStyle:2
FileLength:1406971
FileModTime:1270838665
%EndFont

%BeginFont
Handler:DirectoryHandler
FontType:Suitcase
FontName:HelveticaNeue-BoldItalic
OutlineFileName:\HelveticaNeue.dfont
ResourceID:4684
MacStyle:3
FileLength:1406971
FileModTime:1270838665
%EndFont

%BeginFont
Handler:DirectoryHandler
FontType:Suitcase
FontName:HelveticaNeue-CondensedBold
OutlineFileName:\HelveticaNeue.dfont
ResourceID:4685
MacStyle:0
FileLength:1406971
FileModTime:1270838665
%EndFont

%BeginFont
Handler:DirectoryHandler
FontType:Suitcase
FontName:HelveticaNeue-UltraLight
OutlineFileName:\HelveticaNeue.dfont
ResourceID:4688
MacStyle:0
FileLength:1406971
FileModTime:1270838665
%EndFont

%BeginFont
Handler:DirectoryHandler
FontType:Suitcase
FontName:HelveticaNeue-UltraLightItalic
OutlineFileName:\HelveticaNeue.dfont
ResourceID:4688
MacStyle:2
FileLength:1406971
FileModTime:1270838665
%EndFont

%BeginFont
Handler:DirectoryHandler
FontType:Suitcase
FontName:HelveticaNeue-Light
OutlineFileName:\HelveticaNeue.dfont
ResourceID:4846
MacStyle:0
FileLength:1406971
FileModTime:1270838665
%EndFont

%BeginFont
Handler:DirectoryHandler
FontType:Suitcase
FontName:HelveticaNeue-LightItalic
OutlineFileName:\HelveticaNeue.dfont
ResourceID:4846
MacStyle:2
FileLength:1406971
FileModTime:1270838665
%EndFont

%BeginFont
Handler:DirectoryHandler
FontType:Suitcase
FontName:HelveticaNeue-CondensedBlack
OutlineFileName:\HelveticaNeue.dfont
ResourceID:4889
MacStyle:0
FileLength:1406971
FileModTime:1270838665
%EndFont

%BeginFont
Handler:DirectoryHandler
FontType:Suitcase
FontName:HelveticaNeue-Medium
OutlineFileName:\HelveticaNeue.dfont
ResourceID:128
MacStyle:0
FileLength:1406971
FileModTime:1270838665
%EndFont

%BeginFont
Handler:DirectoryHandler
FontType:Type1
FontName:Impressum-Roman
FamilyName:Impressum
StyleName:Roman
MenuName:Impressum
StyleBits:0
WeightClass:400
WidthClass:5
AngleClass:0
FullName:12 Impressum** Roman   05134
WritingScript:Roman
OutlineFileName:\ImpreRom
DataFormat:POSTResource
UsesStandardEncoding:yes
isCFF:no
FileLength:41487
FileModTime:1440609080
DesignSize:-1
%EndFont

%BeginFont
Handler:DirectoryHandler
FontType:Suitcase
FontName:Impressum-Roman
OutlineFileName:\Impressum-Roman
ResourceID:14607
MacStyle:0
FileLength:30280
FileModTime:1440609079
%EndFont

